../Core/Src/main.c:82:6:set_servo	32	static
../Core/Src/main.c:87:5:randomRangeWithDiff	32	static
../Core/Src/main.c:106:5:main	8	static
../Core/Src/main.c:190:6:SystemClock_Config	72	static
../Core/Src/main.c:229:13:MX_CAN_Init	8	static
../Core/Src/main.c:287:13:MX_TIM1_Init	96	static
../Core/Src/main.c:361:13:MX_TIM2_Init	64	static
../Core/Src/main.c:420:13:MX_USART2_UART_Init	8	static
../Core/Src/main.c:453:13:MX_GPIO_Init	40	static
../Core/Src/main.c:497:6:HAL_GPIO_EXTI_Callback	16	static
../Core/Src/main.c:506:6:HAL_TIM_PeriodElapsedCallback	16	static
../Core/Src/main.c:519:6:Error_Handler	4	static,ignoring_inline_asm
