../Core/Src/main.c:86:6:set_servo	32	static
../Core/Src/main.c:91:5:randomRangeWithDiff	32	static
../Core/Src/main.c:104:6:motor_set_speed	24	static
../Core/Src/main.c:118:5:main	8	static
../Core/Src/main.c:214:6:SystemClock_Config	72	static
../Core/Src/main.c:253:13:MX_CAN_Init	8	static
../Core/Src/main.c:312:13:MX_TIM1_Init	96	static
../Core/Src/main.c:386:13:MX_TIM2_Init	64	static
../Core/Src/main.c:445:13:MX_TIM3_Init	64	static
../Core/Src/main.c:504:13:MX_USART2_UART_Init	8	static
../Core/Src/main.c:537:13:MX_GPIO_Init	40	static
../Core/Src/main.c:598:6:HAL_GPIO_EXTI_Callback	16	static
../Core/Src/main.c:607:6:HAL_TIM_PeriodElapsedCallback	16	static
../Core/Src/main.c:620:6:Error_Handler	4	static,ignoring_inline_asm
