01:52:32 **** Incremental Build of configuration Debug for project DISE-STM32 ****
make -j16 all 
arm-none-eabi-gcc "../Core/Src/main.c" -mcpu=cortex-m3 -std=gnu11 -g3 -DDEBUG -DUSE_HAL_DRIVER -DSTM32F103xB -c -I../Core/Inc -I../Drivers/STM32F1xx_HAL_Driver/Inc/Legacy -I../Drivers/STM32F1xx_HAL_Driver/Inc -I../Drivers/CMSIS/Device/ST/STM32F1xx/Include -I../Drivers/CMSIS/Include -O0 -ffunction-sections -fdata-sections -Wall -fstack-usage -fcyclomatic-complexity -MMD -MP -MF"Core/Src/main.d" -MT"Core/Src/main.o" --specs=nano.specs -mfloat-abi=soft -mthumb -o "Core/Src/main.o"
arm-none-eabi-gcc -o "DISE-STM32.elf" @"objects.list"   -mcpu=cortex-m3 -T"C:\Users\sergio\Documents\DISE\repo\DISE-2025\DISE-STM32\STM32F103RBTX_FLASH.ld" --specs=nosys.specs -Wl,-Map="DISE-STM32.map" -Wl,--gc-sections -static --specs=nano.specs -mfloat-abi=soft -mthumb -Wl,--start-group -lc -lm -Wl,--end-group
Finished building target: DISE-STM32.elf
 
arm-none-eabi-size  DISE-STM32.elf 
arm-none-eabi-objdump -h -S DISE-STM32.elf  > "DISE-STM32.list"
   text	   data	    bss	    dec	    hex	filename
  15444	    104	   2128	  17676	   450c	DISE-STM32.elf
Finished building: default.size.stdout
 
Finished building: DISE-STM32.list
 

01:52:33 Build Finished. 0 errors, 0 warnings. (took 649ms)

